[themedemos.download/vlack/vlaca/index.html]
[backblue.gif]
[fade.gif]
[index.html]
[themedemos.download/vlack/vlaca/assets/images/favi.png]
[themedemos.download/vlack/vlaca/assets/fonts/font-awesome.css]
[themedemos.download/vlack/vlaca/assets/owlcarousel/css/owl.carousel.css]
[themedemos.download/vlack/vlaca/assets/bootstrap/css/bootstrap.min.css]
[themedemos.download/vlack/vlaca/assets/owlcarousel/css/owl.theme.css]
[themedemos.download/vlack/vlaca/assets/css/effect.css]
[themedemos.download/vlack/vlaca/assets/css/magnific-popup.css]
[themedemos.download/vlack/vlaca/assets/css/animate.min.css]
[themedemos.download/vlack/vlaca/assets/css/style.css]
[themedemos.download/vlack/vlaca/assets/css/responsive.css]
[themedemos.download/vlack/vlaca/index-2.html]
[themedemos.download/vlack/vlaca/assets/images/me.jpg]
[themedemos.download/vlack/vlaca/assets/images/work/1.jpg]
[themedemos.download/vlack/vlaca/assets/images/work/2.jpg]
[themedemos.download/vlack/vlaca/assets/images/work/3.jpg]
[themedemos.download/vlack/vlaca/assets/images/work/4.jpg]
[themedemos.download/vlack/vlaca/assets/bootstrap/js/bootstrap.min.js]
[themedemos.download/vlack/vlaca/assets/js/jquery.min.js]
[themedemos.download/vlack/vlaca/assets/owlcarousel/js/owl.carousel.min.js]
[themedemos.download/vlack/vlaca/assets/js/jquery.magnific-popup.min.js]
[themedemos.download/vlack/vlaca/assets/js/jquery.stellar.min.js]
[themedemos.download/vlack/vlaca/assets/js/wow.min.js]
[themedemos.download/vlack/vlaca/assets/js/particles.min.js]
[themedemos.download/vlack/vlaca/assets/js/app.js]
[themedemos.download/vlack/vlaca/assets/js/nice-scrool.js]
[themedemos.download/vlack/vlaca/assets/js/scripts.js]
[themedemos.download/vlack/vlaca/index.html]
[themedemos.download/vlack/vlaca/assets/bootstrap/fonts/glyphicons-halflings-regular.eot]
[themedemos.download/vlack/vlaca/assets/js/mouse.js]
[themedemos.download/vlack/vlaca/assets/bootstrap/fonts/glyphicons-halflings-regulard41d.eot]
[themedemos.download/vlack/vlaca/assets/bootstrap/fonts/glyphicons-halflings-regular.woff2]
[themedemos.download/vlack/vlaca/assets/bootstrap/fonts/glyphicons-halflings-regular.woff]
[themedemos.download/vlack/vlaca/assets/bootstrap/fonts/glyphicons-halflings-regular.ttf]
[themedemos.download/vlack/vlaca/assets/bootstrap/css/bootstrap.min.css]
[themedemos.download/vlack/vlaca/assets/fonts/fontawesome-webfont3e6e.eot]
[themedemos.download/vlack/vlaca/assets/bootstrap/fonts/glyphicons-halflings-regular.svg]
[themedemos.download/vlack/vlaca/assets/fonts/fontawesome-webfontd41d.eot]
[themedemos.download/vlack/vlaca/assets/fonts/fontawesome-webfont3e6e.woff2]
[themedemos.download/vlack/vlaca/assets/fonts/fontawesome-webfont3e6e.woff]
[themedemos.download/vlack/vlaca/assets/fonts/fontawesome-webfont3e6e.ttf]
[themedemos.download/vlack/vlaca/assets/fonts/font-awesome.css]
[themedemos.download/vlack/vlaca/assets/owlcarousel/css/owl.carousel.css]
[themedemos.download/vlack/vlaca/assets/fonts/fontawesome-webfont3e6e.svg]
[themedemos.download/vlack/vlaca/assets/owlcarousel/css/owl.theme.css]
[themedemos.download/vlack/vlaca/assets/css/effect.css]
[themedemos.download/vlack/vlaca/assets/css/magnific-popup.css]
[themedemos.download/vlack/vlaca/assets/css/animate.min.css]
[themedemos.download/vlack/vlaca/assets/images/bg.jpg]
[themedemos.download/vlack/vlaca/assets/css/style.css]
[themedemos.download/vlack/vlaca/assets/css/responsive.css]
[themedemos.download/vlack/vlaca/index-2.html]
[themedemos.download/vlack/vlaca/assets/bootstrap/fonts/glyphicons-halflings-regular.svg]
[themedemos.download/vlack/vlaca/assets/fonts/fontawesome-webfont3e6e.svg]
[themedemos.download/vlack/vlaca/assets/owlcarousel/css/grabbing.html]
[themedemos.download/vlack/vlaca/assets/owlcarousel/css/AjaxLoader.html]
